---
source: src/generate.rs
expression: "read_file_content(\"out/about.html\")"
---
<!DOCTYPE html>
<html>
<head>
    <meta charset="utf-8">
    <title>About Test - Test Site</title>
    <link rel="stylesheet" href="/assets/style-84fc2985e8986ebd.css">
    <link rel="alternate" type="application/rss+xml" href="/feed.xml" title="RSS Feed" />
</head>
<body>
    <div class="content">
        # AboutThis is a test page content.
    </div>
    <footer>Test Site Footer</footer>
</body>
</html>
